################################################################################
#                                                                              #
#      IAR Universal Linker V6.4.6.89                                          #
#                                                                              #
#           Link time     =  06/Jun/2019  22:24:38                             #
#           Target CPU    =  MSP430                                            #
#           List file     =  D:\word\1PH\电子设计\实验四\Debug\List\temp.map   #
#           Output file 1 =  D:\word\1PH\电子设计\实验四\Debug\Exe\temp.d43    #
#                            Format: ubrof10                                   #
#                            UBROF version 10.0.6                              #
#                            Using library modules for C-SPY (-rt)             #
#           Command line  =  -f                                                #
#                            C:\Users\Zhenger\AppData\Local\Temp\EWDF12.tmp    #
#                            (D:\word\1PH\电子设计\实验四\Debug\Obj\clk.r43    #
#                            D:\word\1PH\电子设计\实验四\Debug\Obj\i2c.r43     #
#                            D:\word\1PH\电子设计\实验四\Debug\Obj\key.r43     #
#                            D:\word\1PH\电子设计\实验四\Debug\Obj\main.r43    #
#                            D:\word\1PH\电子设计\实验四\Debug\Obj\timer.r43   #
#                            -o                                                #
#                            D:\word\1PH\电子设计\实验四\Debug\Exe\temp.d43    #
#                            -l                                                #
#                            D:\word\1PH\电子设计\实验四\Debug\List\temp.map   #
#                            -xms                                              #
#                            "-ID:\Program Files (x86)\IAR Systems\Embedded Wo #
#                            rkbench 8.0\430\LIB\"                             #
#                            -f                                                #
#                            "D:\Program Files (x86)\IAR Systems\Embedded Work #
#                            bench 8.0\430\config\linker\lnk430f5529.xcl"      #
#                            (-cmsp430 -D?CPU30_OFFSET=2 -QCODE_I=CODE_ID      #
#                            -QTLS16_I=TLS16_ID -D__iar_HWMUL=4C0              #
#                            -Z(CONST)INFO=1800-19FF                           #
#                            -Z(CONST)INFOA=1980-19FF                          #
#                            -Z(CONST)INFOB=1900-197F                          #
#                            -Z(CONST)INFOC=1880-18FF                          #
#                            -Z(CONST)INFOD=1800-187F                          #
#                            -Z(DATA)USBRAM=1C00-23FF                          #
#                            -Z(DATA)DATA16_I,DATA16_Z,DATA16_N,TLS16_I=2400-4 #
#                            3FF                                               #
#                            -Z(DATA)DATA16_HEAP+_DATA16_HEAP_SIZE             #
#                            -Z(DATA)CODE_I                                    #
#                            -Z(DATA)DATA20_I,DATA20_Z,DATA20_N,DATA20_HEAP+_D #
#                            ATA20_HEAP_SIZE                                   #
#                            -Z(DATA)CSTACK+_STACK_SIZE#                       #
#                            -Z(CONST)DATA16_C,DATA16_ID,TLS16_ID,DIFUNCT,CHEC #
#                            KSUM=4400-FF7F                                    #
#                            -Z(CODE)CSTART,ISR_CODE,CODE16=4400-FF7F          #
#                            -P(CODE)CODE=4400-FF7F,10000-243FF                #
#                            -Z(CONST)DATA20_C,DATA20_ID,CODE_ID=4400-FF7F,100 #
#                            40-243FF                                          #
#                            -Z(CODE)INTVEC=FF80-FFFF                          #
#                            -Z(CODE)RESET=FFFE-FFFF) -f                       #
#                            "D:\Program Files (x86)\IAR Systems\Embedded Work #
#                            bench 8.0\430\config\linker\multiplier32.xcl"     #
#                            (-e?Mul8Hw=?Mul8 -e?Mul16Hw=?Mul16                #
#                            -e?Mul16to32uHw=?Mul16to32u                       #
#                            -e?Mul16to32sHw=?Mul16to32s -e?Mul32Hw32=?Mul32   #
#                            -e?Mul64Hw32=_Mul64i                              #
#                            -e?Mul32u32uto64iHw32=_Mul32u32uto64i             #
#                            -e?Mul32fHw32=_Mul32f                             #
#                            -e_Mul64fHw32Ptr=_Mul64fPtr) -D_STACK_SIZE=A0     #
#                            -rt                                               #
#                            "D:\Program Files (x86)\IAR Systems\Embedded Work #
#                            bench 8.0\430\lib\dlib\dl430xlsfn.r43"            #
#                            -e_PrintfLarge=_Printf -e_ScanfLarge=_Scanf       #
#                            -D_DATA16_HEAP_SIZE=A0 -s __program_start         #
#                            -D_DATA20_HEAP_SIZE=50)                           #
#                                                                              #
#                           Copyright (C) 1987-2016 IAR Systems AB.            #
################################################################################





                ****************************************
                *                                      *
                *           CROSS REFERENCE            *
                *                                      *
                ****************************************

       Program entry at :           4A04  Relocatable, from module : ?cstart




                ****************************************
                *                                      *
                *            RUNTIME MODEL             *
                *                                      *
                ****************************************

  __Heap_Handler             = Basic
  __SystemLibrary            = DLib
  __code_model               = large
  __core                     = 430X
  __data_model               = small
  __dlib_file_descriptor     = 0
  __dlib_full_locale_support = 0
  __double_size              = 32
  __pic                      = no
  __reg_r4                   = free
  __reg_r5                   = free
  __rt_version               = 3

                ****************************************
                *                                      *
                *    AUTOMATIC SYMBOL REDIRECTIONS     *
                *                                      *
                ****************************************

                  There are no automatic symbol redirections.



                ****************************************
                *                                      *
                *              MODULE MAP              *
                *                                      *
                ****************************************


  DEFINED ABSOLUTE ENTRIES
    *************************************************************************

  DEFINED ABSOLUTE ENTRIES
  PROGRAM MODULE, NAME : ?ABS_ENTRY_MOD

Absolute parts
           ENTRY                   ADDRESS         REF BY
           =====                   =======         ======
           _DATA20_HEAP_SIZE       0050 
           _DATA16_HEAP_SIZE       00A0 
           _STACK_SIZE             00A0 
           __iar_HWMUL             04C0            ?Mul32fHw32 (?Mul32fHw32)
                                                   main (main)
           ?CPU30_OFFSET           0002 
    *************************************************************************

  FILE NAME : D:\word\1PH\电子设计\实验四\Debug\Obj\clk.r43
  PROGRAM MODULE, NAME : clk

  SEGMENTS IN THE MODULE
  ======================
DATA16_AN
  Relative segment, address: 024A - 024B (0x2 bytes), align: 0
  Segment part 1. ROOT        Intra module refs:   ClkInit
           ENTRY                   ADDRESS         REF BY
           =====                   =======         ======
           _A_PCSEL_L              024A 
           LOCAL                   ADDRESS         
           =====                   =======         
           PCSEL                   024A 
           PCSEL_H                 024B 
           PCSEL_L                 024A 
    -------------------------------------------------------------------------
DATA16_AN
  Relative segment, address: 0102 - 0103 (0x2 bytes), align: 0
  Segment part 2. ROOT        Intra module refs:   ClkInit
           ENTRY                   ADDRESS         REF BY
           =====                   =======         ======
           _A_SFRIFG1_L            0102 
           LOCAL                   ADDRESS         
           =====                   =======         
           SFRIFG1                 0102 
           SFRIFG1_H               0103 
           SFRIFG1_L               0102 
    -------------------------------------------------------------------------
DATA16_AN
  Relative segment, address: 0166 - 0167 (0x2 bytes), align: 0
  Segment part 3. ROOT        Intra module refs:   ClkInit
           ENTRY                   ADDRESS         REF BY
           =====                   =======         ======
           _A_UCSCTL3_L            0166 
           LOCAL                   ADDRESS         
           =====                   =======         
           UCSCTL3                 0166 
           UCSCTL3_H               0167 
           UCSCTL3_L               0166 
    -------------------------------------------------------------------------
DATA16_AN
  Relative segment, address: 0168 - 0169 (0x2 bytes), align: 0
  Segment part 4. ROOT        Intra module refs:   ClkInit
           ENTRY                   ADDRESS         REF BY
           =====                   =======         ======
           _A_UCSCTL4_L            0168 
           LOCAL                   ADDRESS         
           =====                   =======         
           UCSCTL4                 0168 
           UCSCTL4_H               0169 
           UCSCTL4_L               0168 
    -------------------------------------------------------------------------
DATA16_AN
  Relative segment, address: 016C - 016D (0x2 bytes), align: 0
  Segment part 5. ROOT        Intra module refs:   ClkInit
           ENTRY                   ADDRESS         REF BY
           =====                   =======         ======
           _A_UCSCTL6_L            016C 
           LOCAL                   ADDRESS         
           =====                   =======         
           UCSCTL6                 016C 
           UCSCTL6_H               016D 
           UCSCTL6_L               016C 
    -------------------------------------------------------------------------
DATA16_AN
  Relative segment, address: 016E - 016F (0x2 bytes), align: 0
  Segment part 6. ROOT        Intra module refs:   ClkInit
           ENTRY                   ADDRESS         REF BY
           =====                   =======         ======
           _A_UCSCTL7_L            016E 
           LOCAL                   ADDRESS         
           =====                   =======         
           UCSCTL7                 016E 
           UCSCTL7_H               016F 
           UCSCTL7_L               016E 
    -------------------------------------------------------------------------
<CODE> 1 (was CODE)
  Relative segment, address: 53B6 - 53FB (0x46 bytes), align: 1
  Segment part 8.
           ENTRY                   ADDRESS         REF BY
           =====                   =======         ======
           ClkInit                 53B6            main (main)

    *************************************************************************

  FILE NAME : D:\word\1PH\电子设计\实验四\Debug\Obj\i2c.r43
  PROGRAM MODULE, NAME : i2c

  SEGMENTS IN THE MODULE
  ======================
DATA16_AN
  Relative segment, address: 0240 - 0241 (0x2 bytes), align: 0
  Segment part 1. ROOT        Intra module refs:   I2C_WaitAck
           ENTRY                   ADDRESS         REF BY
           =====                   =======         ======
           _A_PCIN_L               0240 
           LOCAL                   ADDRESS         
           =====                   =======         
           PCIN                    0240 
           PCIN_H                  0241 
           PCIN_L                  0240 
    -------------------------------------------------------------------------
DATA16_AN
  Relative segment, address: 0242 - 0243 (0x2 bytes), align: 0
  Segment part 2. ROOT        Intra module refs:   I2C_SendByte
                                                   I2C_Start
                                                   I2C_Stop
                                                   I2C_WaitAck
           ENTRY                   ADDRESS         REF BY
           =====                   =======         ======
           _A_PCOUT_L              0242 
           LOCAL                   ADDRESS         
           =====                   =======         
           PCOUT                   0242 
           PCOUT_H                 0243 
           PCOUT_L                 0242 
    -------------------------------------------------------------------------
DATA16_AN
  Relative segment, address: 0244 - 0245 (0x2 bytes), align: 0
  Segment part 3. ROOT        Intra module refs:   I2C_WaitAck
                                                   OLED_Init
           ENTRY                   ADDRESS         REF BY
           =====                   =======         ======
           _A_PCDIR_L              0244 
           LOCAL                   ADDRESS         
           =====                   =======         
           PCDIR                   0244 
           PCDIR_H                 0245 
           PCDIR_L                 0244 
    -------------------------------------------------------------------------
DATA16_C
  Relative segment, address: 4400 - 49EF (0x5f0 bytes), align: 0
  Segment part 8.             Intra module refs:   OLED_P8x16Str
           ENTRY                   ADDRESS         REF BY
           =====                   =======         ======
           F8X16                   4400 
    -------------------------------------------------------------------------
<CODE> 1 (was CODE)
  Relative segment, address: 5590 - 55A9 (0x1a bytes), align: 1
  Segment part 10.            Intra module refs:   OLED_WriteCmd
                                                   OLED_WriteData
           LOCAL                   ADDRESS         
           =====                   =======         
           I2C_Start               5590 
    -------------------------------------------------------------------------
<CODE> 1 (was CODE)
  Relative segment, address: 560A - 561D (0x14 bytes), align: 1
  Segment part 11.            Intra module refs:   OLED_WriteCmd
                                                   OLED_WriteData
           LOCAL                   ADDRESS         
           =====                   =======         
           I2C_Stop                560A 
    -------------------------------------------------------------------------
<CODE> 1 (was CODE)
  Relative segment, address: 54A8 - 54D9 (0x32 bytes), align: 1
  Segment part 12.            Intra module refs:   OLED_WriteCmd
                                                   OLED_WriteData
           LOCAL                   ADDRESS         
           =====                   =======         
           I2C_WaitAck             54A8 
    -------------------------------------------------------------------------
<CODE> 1 (was CODE)
  Relative segment, address: 5440 - 5475 (0x36 bytes), align: 1
  Segment part 13.            Intra module refs:   OLED_WriteCmd
                                                   OLED_WriteData
           LOCAL                   ADDRESS         
           =====                   =======         
           I2C_SendByte            5440 
    -------------------------------------------------------------------------
<CODE> 1 (was CODE)
  Relative segment, address: 5320 - 536B (0x4c bytes), align: 1
  Segment part 14.            Intra module refs:   OLED_Init
                                                   OLED_SetXY
           ENTRY                   ADDRESS         REF BY
           =====                   =======         ======
           OLED_WriteCmd           5320 
               calls direct
    -------------------------------------------------------------------------
<CODE> 1 (was CODE)
  Relative segment, address: 5286 - 52D3 (0x4e bytes), align: 1
  Segment part 15.            Intra module refs:   OLED_Clear
                                                   OLED_P8x16Str
           ENTRY                   ADDRESS         REF BY
           =====                   =======         ======
           OLED_WriteData          5286 
               calls direct
    -------------------------------------------------------------------------
<CODE> 1 (was CODE)
  Relative segment, address: 553A - 5567 (0x2e bytes), align: 1
  Segment part 16.            Intra module refs:   OLED_Clear
                                                   OLED_Init
                                                   OLED_P8x16Str
           ENTRY                   ADDRESS         REF BY
           =====                   =======         ======
           OLED_SetXY              553A 
               calls direct
    -------------------------------------------------------------------------
<CODE> 1 (was CODE)
  Relative segment, address: 53FC - 543F (0x44 bytes), align: 1
  Segment part 18.            Intra module refs:   OLED_Init
           ENTRY                   ADDRESS         REF BY
           =====                   =======         ======
           OLED_Clear              53FC 
               calls direct
    -------------------------------------------------------------------------
<CODE> 1 (was CODE)
  Relative segment, address: 5118 - 5197 (0x80 bytes), align: 1
  Segment part 21.
           ENTRY                   ADDRESS         REF BY
           =====                   =======         ======
           OLED_P8x16Str           5118            main (main)
               calls direct
    -------------------------------------------------------------------------
<CODE> 1 (was CODE)
  Relative segment, address: 4AB8 - 4CCF (0x218 bytes), align: 1
  Segment part 24.
           ENTRY                   ADDRESS         REF BY
           =====                   =======         ======
           OLED_Init               4AB8            main (main)
               calls direct

    *************************************************************************

  FILE NAME : D:\word\1PH\电子设计\实验四\Debug\Obj\key.r43
  PROGRAM MODULE, NAME : key

  SEGMENTS IN THE MODULE
  ======================
DATA16_AN
  Relative segment, address: 0200 - 0201 (0x2 bytes), align: 0
  Segment part 1. ROOT        Intra module refs:   KeyScan
           ENTRY                   ADDRESS         REF BY
           =====                   =======         ======
           _A_PAIN_L               0200 
           LOCAL                   ADDRESS         
           =====                   =======         
           PAIN                    0200 
           PAIN_H                  0201 
           PAIN_L                  0200 
    -------------------------------------------------------------------------
DATA16_AN
  Relative segment, address: 0202 - 0203 (0x2 bytes), align: 0
  Segment part 2. ROOT        Intra module refs:   KeyInit
           ENTRY                   ADDRESS         REF BY
           =====                   =======         ======
           _A_PAOUT_L              0202 
           LOCAL                   ADDRESS         
           =====                   =======         
           PAOUT                   0202 
           PAOUT_H                 0203 
           PAOUT_L                 0202 
    -------------------------------------------------------------------------
DATA16_AN
  Relative segment, address: 0204 - 0205 (0x2 bytes), align: 0
  Segment part 3. ROOT        Intra module refs:   Capture_Init (timer)
                                                   KeyInit
                                                   TimerAInit (timer)
           ENTRY                   ADDRESS         REF BY
           =====                   =======         ======
           _A_PADIR_L              0204 
           LOCAL                   ADDRESS         
           =====                   =======         
           PADIR                   0204 
           PADIR_H                 0205 
           PADIR_L                 0204 
    -------------------------------------------------------------------------
DATA16_AN
  Relative segment, address: 0206 - 0207 (0x2 bytes), align: 0
  Segment part 4. ROOT        Intra module refs:   KeyInit
           ENTRY                   ADDRESS         REF BY
           =====                   =======         ======
           _A_PAREN_L              0206 
           LOCAL                   ADDRESS         
           =====                   =======         
           PAREN                   0206 
           PAREN_H                 0207 
           PAREN_L                 0206 
    -------------------------------------------------------------------------
DATA16_Z
  Relative segment, address: 2428 - 2428 (0x1 bytes), align: 0
  Segment part 6.             Intra module refs:   KeyScan
           LOCAL                   ADDRESS         
           =====                   =======         
           key_value               2428 
    -------------------------------------------------------------------------
DATA16_Z
  Relative segment, address: 2404 - 2405 (0x2 bytes), align: 1
  Segment part 7.             Intra module refs:   KeyScan
           LOCAL                   ADDRESS         
           =====                   =======         
           key_down_flag           2404 
    -------------------------------------------------------------------------
<CODE> 1 (was CODE)
  Relative segment, address: 536C - 53B5 (0x4a bytes), align: 1
  Segment part 8.
           ENTRY                   ADDRESS         REF BY
           =====                   =======         ======
           KeyScan                 536C            main (main)
    -------------------------------------------------------------------------
<CODE> 1 (was CODE)
  Relative segment, address: 55C4 - 55DD (0x1a bytes), align: 1
  Segment part 9.
           ENTRY                   ADDRESS         REF BY
           =====                   =======         ======
           KeyInit                 55C4            main (main)

    *************************************************************************

  FILE NAME : D:\word\1PH\电子设计\实验四\Debug\Obj\main.r43
  PROGRAM MODULE, NAME : main

  SEGMENTS IN THE MODULE
  ======================
DATA16_AN
  Relative segment, address: 0352 - 0353 (0x2 bytes), align: 0
  Segment part 1. ROOT        Intra module refs:   TimerAInit (timer)
                                                   main
           ENTRY                   ADDRESS         REF BY
           =====                   =======         ======
           TA0CCR0                 0352 
    -------------------------------------------------------------------------
DATA16_AN
  Relative segment, address: 0354 - 0355 (0x2 bytes), align: 0
  Segment part 2. ROOT        Intra module refs:   TimerAInit (timer)
                                                   main
           ENTRY                   ADDRESS         REF BY
           =====                   =======         ======
           TA0CCR1                 0354 
    -------------------------------------------------------------------------
DATA16_AN
  Relative segment, address: 0384 - 0385 (0x2 bytes), align: 0
  Segment part 3. ROOT        Intra module refs:   Capture_Init (timer)
                                                   Timer_A1 (timer)
                                                   main
           ENTRY                   ADDRESS         REF BY
           =====                   =======         ======
           TA1CCTL1                0384 
    -------------------------------------------------------------------------
DATA16_AN
  Relative segment, address: 015C - 015D (0x2 bytes), align: 0
  Segment part 4. ROOT        Intra module refs:   main
           ENTRY                   ADDRESS         REF BY
           =====                   =======         ======
           _A_WDTCTL_L             015C 
           LOCAL                   ADDRESS         
           =====                   =======         
           WDTCTL                  015C 
           WDTCTL_H                015D 
           WDTCTL_L                015C 
    -------------------------------------------------------------------------
DATA16_Z
  Relative segment, address: 2429 - 2429 (0x1 bytes), align: 0
  Segment part 10.            Intra module refs:   main
           ENTRY                   ADDRESS         REF BY
           =====                   =======         ======
           key                     2429 
    -------------------------------------------------------------------------
DATA16_Z
  Relative segment, address: 2406 - 2409 (0x4 bytes), align: 1
  Segment part 11.            Intra module refs:   main
           ENTRY                   ADDRESS         REF BY
           =====                   =======         ======
           zhengshu                2406 
    -------------------------------------------------------------------------
DATA16_Z
  Relative segment, address: 240A - 240D (0x4 bytes), align: 1
  Segment part 12.            Intra module refs:   main
           ENTRY                   ADDRESS         REF BY
           =====                   =======         ======
           xiaoshu                 240A 
    -------------------------------------------------------------------------
DATA16_Z
  Relative segment, address: 240E - 2411 (0x4 bytes), align: 1
  Segment part 13.            Intra module refs:   main
           ENTRY                   ADDRESS         REF BY
           =====                   =======         ======
           int_duty                240E 
    -------------------------------------------------------------------------
DATA16_Z
  Relative segment, address: 2412 - 2415 (0x4 bytes), align: 1
  Segment part 16.            Intra module refs:   main
           ENTRY                   ADDRESS         REF BY
           =====                   =======         ======
           cal_pos                 2412 
    -------------------------------------------------------------------------
DATA16_Z
  Relative segment, address: 2416 - 2419 (0x4 bytes), align: 1
  Segment part 17.            Intra module refs:   main
           ENTRY                   ADDRESS         REF BY
           =====                   =======         ======
           cal_period              2416 
    -------------------------------------------------------------------------
DATA16_Z
  Relative segment, address: 241A - 241D (0x4 bytes), align: 1
  Segment part 18.            Intra module refs:   main
           ENTRY                   ADDRESS         REF BY
           =====                   =======         ======
           duty                    241A 
    -------------------------------------------------------------------------
DATA16_I
  Relative segment, address: 2400 - 2401 (0x2 bytes), align: 1
  Segment part 19.            Intra module refs:   main
           ENTRY                   ADDRESS         REF BY
           =====                   =======         ======
           f                       2400 
    -------------------------------------------------------------------------
DATA16_I
  Relative segment, address: 2402 - 2403 (0x2 bytes), align: 1
  Segment part 21.            Intra module refs:   main
           ENTRY                   ADDRESS         REF BY
           =====                   =======         ======
           d                       2402 
    -------------------------------------------------------------------------
DATA16_Z
  Relative segment, address: 241E - 241F (0x2 bytes), align: 1
  Segment part 23.            Intra module refs:   main
           ENTRY                   ADDRESS         REF BY
           =====                   =======         ======
           tempk                   241E 
    -------------------------------------------------------------------------
DATA16_Z
  Relative segment, address: 242A - 248D (0x64 bytes), align: 0
  Segment part 24.            Intra module refs:   main
           ENTRY                   ADDRESS         REF BY
           =====                   =======         ======
           p                       242A 
    -------------------------------------------------------------------------
DATA16_Z
  Relative segment, address: 248E - 24F1 (0x64 bytes), align: 0
  Segment part 25.            Intra module refs:   main
           ENTRY                   ADDRESS         REF BY
           =====                   =======         ======
           d1                      248E 
    -------------------------------------------------------------------------
DATA16_Z
  Relative segment, address: 24F2 - 2555 (0x64 bytes), align: 0
  Segment part 26.            Intra module refs:   main
           ENTRY                   ADDRESS         REF BY
           =====                   =======         ======
           d2                      24F2 
    -------------------------------------------------------------------------
<CODE> 1 (was CODE)
  Relative segment, address: 4CD0 - 4ED1 (0x202 bytes), align: 1
  Segment part 28.
           ENTRY                   ADDRESS         REF BY
           =====                   =======         ======
           main                    4CD0            Segment part 26 (?cstart)
               calls direct
    -------------------------------------------------------------------------
<CODE> 1 (was CODE)
  Relative segment, address: 5216 - 5285 (0x70 bytes), align: 1
  Segment part 27.            Intra module refs:   main
           ENTRY                   ADDRESS         REF BY
           =====                   =======         ======
           itoa                    5216 
               calls direct
    -------------------------------------------------------------------------
DATA16_ID
  Relative segment, address: 4A00 - 4A01 (0x2 bytes), align: 1
  Segment part 20.            Intra module refs:   f
    -------------------------------------------------------------------------
DATA16_ID
  Relative segment, address: 4A02 - 4A03 (0x2 bytes), align: 1
  Segment part 22.            Intra module refs:   d
    -------------------------------------------------------------------------
DATA16_C
  Relative segment, address: 49F0 - 49F5 (0x6 bytes), align: 0
  Segment part 6.             Intra module refs:   main
    -------------------------------------------------------------------------
DATA16_C
  Relative segment, address: 49F6 - 49F7 (0x2 bytes), align: 0
  Segment part 7.             Intra module refs:   main
    -------------------------------------------------------------------------
DATA16_C
  Relative segment, address: 49F8 - 49F9 (0x2 bytes), align: 0
  Segment part 8.             Intra module refs:   main
    -------------------------------------------------------------------------
DATA16_C
  Relative segment, address: 49FA - 49FE (0x5 bytes), align: 0
  Segment part 9.             Intra module refs:   main

    *************************************************************************

  FILE NAME : D:\word\1PH\电子设计\实验四\Debug\Obj\timer.r43
  PROGRAM MODULE, NAME : timer

  SEGMENTS IN THE MODULE
  ======================
DATA16_AN
  Relative segment, address: 020A - 020B (0x2 bytes), align: 0
  Segment part 2. ROOT        Intra module refs:   Capture_Init
                                                   TimerAInit
           ENTRY                   ADDRESS         REF BY
           =====                   =======         ======
           _A_PASEL_L              020A 
           LOCAL                   ADDRESS         
           =====                   =======         
           PASEL                   020A 
           PASEL_H                 020B 
           PASEL_L                 020A 
    -------------------------------------------------------------------------
DATA16_AN
  Relative segment, address: 0340 - 0341 (0x2 bytes), align: 0
  Segment part 3. ROOT        Intra module refs:   TimerAInit
           ENTRY                   ADDRESS         REF BY
           =====                   =======         ======
           TA0CTL                  0340 
    -------------------------------------------------------------------------
DATA16_AN
  Relative segment, address: 0342 - 0343 (0x2 bytes), align: 0
  Segment part 4. ROOT        Intra module refs:   TimerAInit
           ENTRY                   ADDRESS         REF BY
           =====                   =======         ======
           TA0CCTL0                0342 
    -------------------------------------------------------------------------
DATA16_AN
  Relative segment, address: 0344 - 0345 (0x2 bytes), align: 0
  Segment part 5. ROOT        Intra module refs:   TimerAInit
           ENTRY                   ADDRESS         REF BY
           =====                   =======         ======
           TA0CCTL1                0344 
    -------------------------------------------------------------------------
DATA16_AN
  Relative segment, address: 0380 - 0381 (0x2 bytes), align: 0
  Segment part 8. ROOT        Intra module refs:   Capture_Init
           ENTRY                   ADDRESS         REF BY
           =====                   =======         ======
           TA1CTL                  0380 
    -------------------------------------------------------------------------
DATA16_AN
  Relative segment, address: 0394 - 0395 (0x2 bytes), align: 0
  Segment part 10. ROOT       Intra module refs:   Timer_A1
           ENTRY                   ADDRESS         REF BY
           =====                   =======         ======
           TA1CCR1                 0394 
    -------------------------------------------------------------------------
DATA16_AN
  Relative segment, address: 03AE - 03AF (0x2 bytes), align: 0
  Segment part 11. ROOT       Intra module refs:   Timer_A1
           ENTRY                   ADDRESS         REF BY
           =====                   =======         ======
           TA1IV                   03AE 
    -------------------------------------------------------------------------
DATA16_Z
  Relative segment, address: 2556 - 2556 (0x1 bytes), align: 0
  Segment part 20.            Intra module refs:   Timer_A1
           ENTRY                   ADDRESS         REF BY
           =====                   =======         ======
           flag                    2556            main (main)
    -------------------------------------------------------------------------
DATA16_Z
  Relative segment, address: 2420 - 2421 (0x2 bytes), align: 1
  Segment part 21.            Intra module refs:   Timer_A1
           ENTRY                   ADDRESS         REF BY
           =====                   =======         ======
           pos_time                2420            main (main)
    -------------------------------------------------------------------------
DATA16_Z
  Relative segment, address: 2422 - 2423 (0x2 bytes), align: 1
  Segment part 22.            Intra module refs:   Timer_A1
           ENTRY                   ADDRESS         REF BY
           =====                   =======         ======
           period                  2422            main (main)
    -------------------------------------------------------------------------
DATA16_Z
  Relative segment, address: 2424 - 2425 (0x2 bytes), align: 1
  Segment part 23.            Intra module refs:   Timer_A1
           ENTRY                   ADDRESS         REF BY
           =====                   =======         ======
           start                   2424 
    -------------------------------------------------------------------------
DATA16_Z
  Relative segment, address: 2426 - 2427 (0x2 bytes), align: 1
  Segment part 24.            Intra module refs:   Timer_A1
           ENTRY                   ADDRESS         REF BY
           =====                   =======         ======
           pause                   2426 
    -------------------------------------------------------------------------
<CODE> 1 (was CODE)
  Relative segment, address: 5568 - 558F (0x28 bytes), align: 1
  Segment part 25.
           ENTRY                   ADDRESS         REF BY
           =====                   =======         ======
           TimerAInit              5568            main (main)
    -------------------------------------------------------------------------
<CODE> 1 (was CODE)
  Relative segment, address: 55AA - 55C3 (0x1a bytes), align: 1
  Segment part 28.
           ENTRY                   ADDRESS         REF BY
           =====                   =======         ======
           Capture_Init            55AA            main (main)
    -------------------------------------------------------------------------
ISR_CODE
  Relative segment, address: 4A2C - 4AB7 (0x8c bytes), align: 1
  Segment part 29.            Intra module refs:   Timer_A1::??INTVEC 96
           ENTRY                   ADDRESS         REF BY
           =====                   =======         ======
           Timer_A1                4A2C 
               interrupt function
    -------------------------------------------------------------------------
INTVEC
  Common segment, address: FF80 - FFE1 (0x62 bytes), align: 1
  Segment part 12. ROOT 
           ENTRY                   ADDRESS         REF BY
           =====                   =======         ======
           Timer_A1::??INTVEC 96   FFE0 

    *************************************************************************

  FILE NAME : D:\Program Files (x86)\IAR Systems\Embedded Workbench 8.0\430\lib\dlib\dl430xlsfn.r43
  LIBRARY MODULE, NAME : ?__dbg_break

  SEGMENTS IN THE MODULE
  ======================
<CODE> 1 (was CODE)
  Relative segment, address: 564C - 564D (0x2 bytes), align: 1
  Segment part 2.
           ENTRY                   ADDRESS         REF BY
           =====                   =======         ======
           __DebugBreak            564C            __exit (?__exit)

    -------------------------------------------------------------------------
  LIBRARY MODULE, NAME : ?__exit

  SEGMENTS IN THE MODULE
  ======================
<CODE> 1 (was CODE)
  Relative segment, address: 55F6 - 5609 (0x14 bytes), align: 1
  Segment part 2.
           ENTRY                   ADDRESS         REF BY
           =====                   =======         ======
           __exit                  55F6            Segment part 6 (?_exit)
                                                   _exit (?_exit)
               calls direct

    -------------------------------------------------------------------------
  LIBRARY MODULE, NAME : ?_exit

  SEGMENTS IN THE MODULE
  ======================
<CODE> 1 (was CODE)
  Relative segment, address: 5644, align: 1
  Segment part 0.
           ENTRY                   ADDRESS         REF BY
           =====                   =======         ======
           _exit                   5644            exit (?exit)
    -------------------------------------------------------------------------
<CODE> 1 (was CODE)
  Relative segment, address: 5644 - 5647 (0x4 bytes), align: 1
  Segment part 6.             Intra module refs:   _exit

    -------------------------------------------------------------------------
  LIBRARY MODULE, NAME : ?cstart

  SEGMENTS IN THE MODULE
  ======================
CSTACK
  Relative segment, address: 4360, align: 1
  Segment part 1.
    -------------------------------------------------------------------------
DATA16_Z
  Relative segment, address: 2428, align: 1
  Segment part 2.
    -------------------------------------------------------------------------
DATA16_I
  Relative segment, address: 2404, align: 1
  Segment part 3.
    -------------------------------------------------------------------------
DATA16_ID
  Relative segment, address: 4A04, align: 1
  Segment part 4.
    -------------------------------------------------------------------------
CODE_I
  Relative segment, address: 2558, align: 1
  Segment part 5.
    -------------------------------------------------------------------------
CODE_ID
  Relative segment, address: 564E, align: 1
  Segment part 6.
    -------------------------------------------------------------------------
DATA20_Z
  Relative segment, address: 2558, align: 1
  Segment part 7.
    -------------------------------------------------------------------------
DATA20_I
  Relative segment, address: 2558, align: 1
  Segment part 8.
    -------------------------------------------------------------------------
DATA20_ID
  Relative segment, address: 564E, align: 1
  Segment part 9.
    -------------------------------------------------------------------------
DATA20_C
  Relative segment, address: 564E, align: 1
  Segment part 10.
    -------------------------------------------------------------------------
DATA20_N
  Relative segment, address: 2558, align: 1
  Segment part 12.
    -------------------------------------------------------------------------
CSTART
  Relative segment, address: 4A04 - 4A07 (0x4 bytes), align: 1
  Segment part 15.
           ENTRY                   ADDRESS         REF BY
           =====                   =======         ======
           __program_start         4A04            ?reset_vector (?reset_vector)
                                                   Absolute parts (?ABS_ENTRY_MOD)
           ?cstart_begin           4A04 
    -------------------------------------------------------------------------
CSTART
  Relative segment, address: 4A08 - 4A13 (0xc bytes), align: 1
  Segment part 19.
           ENTRY                   ADDRESS         REF BY
           =====                   =======         ======
           ?cstart_init_zero       4A08            cal_period (main)
                                                   cal_pos (main)
                                                   d1 (main)
                                                   d2 (main)
                                                   duty (main)
                                                   flag (timer)
                                                   int_duty (main)
                                                   key (main)
                                                   key_down_flag (key)
                                                   key_value (key)
                                                   p (main)
                                                   pause (timer)
                                                   period (timer)
                                                   pos_time (timer)
                                                   start (timer)
                                                   tempk (main)
                                                   xiaoshu (main)
                                                   zhengshu (main)
    -------------------------------------------------------------------------
CSTART
  Relative segment, address: 4A14 - 4A23 (0x10 bytes), align: 1
  Segment part 20.
           ENTRY                   ADDRESS         REF BY
           =====                   =======         ======
           ?cstart_init_copy       4A14            d (main)
                                                   f (main)
    -------------------------------------------------------------------------
CSTART
  Relative segment, address: 4A24 - 4A2B (0x8 bytes), align: 1
  Segment part 26.            Intra module refs:   Segment part 15
           ENTRY                   ADDRESS         REF BY
           =====                   =======         ======
           ?cstart_call_main       4A24 
           ?cstart_end             4A2C 
    -------------------------------------------------------------------------
CODE_ID
  Relative segment, address: 564E, align: 1
  Segment part 27.            Intra module refs:   Segment part 5

    -------------------------------------------------------------------------
  LIBRARY MODULE, NAME : ?reset_vector

  SEGMENTS IN THE MODULE
  ======================
RESET
  Relative segment, address: FFFE - FFFF (0x2 bytes), align: 1
  Segment part 0.
           ENTRY                   ADDRESS         REF BY
           =====                   =======         ======
           ?reset_vector           FFFE            Segment part 15 (?cstart)

    -------------------------------------------------------------------------
  LIBRARY MODULE, NAME : ?exit

  SEGMENTS IN THE MODULE
  ======================
<CODE> 1 (was CODE)
  Relative segment, address: 5648 - 564B (0x4 bytes), align: 1
  Segment part 2.
           ENTRY                   ADDRESS         REF BY
           =====                   =======         ======
           exit                    5648            Segment part 26 (?cstart)
               calls direct

    -------------------------------------------------------------------------
  LIBRARY MODULE, NAME : ?Mul32fHw32

  SEGMENTS IN THE MODULE
  ======================
<CODE> 1 (was CODE)
  Relative segment, address: 5002 - 5117 (0x116 bytes), align: 1
  Segment part 0.
           ENTRY                   ADDRESS         REF BY
           =====                   =======         ======
           ?Mul32fHw32             5002            main (main)

    -------------------------------------------------------------------------
  LIBRARY MODULE, NAME : ?Cast32f32i

  SEGMENTS IN THE MODULE
  ======================
<CODE> 1 (was CODE)
  Relative segment, address: 5198 - 5215 (0x7e bytes), align: 1
  Segment part 1.
           ENTRY                   ADDRESS         REF BY
           =====                   =======         ======
           _Cast32uto32f           5198            main (main)

    -------------------------------------------------------------------------
  LIBRARY MODULE, NAME : _Cast32fto32s

  SEGMENTS IN THE MODULE
  ======================
<CODE> 1 (was CODE)
  Relative segment, address: 5476 - 54A7 (0x32 bytes), align: 1
  Segment part 0.
           ENTRY                   ADDRESS         REF BY
           =====                   =======         ======
           _Cast32fto32s           5476            main (main)

    -------------------------------------------------------------------------
  LIBRARY MODULE, NAME : ?FLT_Extract

  SEGMENTS IN THE MODULE
  ======================
<CODE> 1 (was CODE)
  Relative segment, address: 52D4 - 531F (0x4c bytes), align: 1
  Segment part 0.
           ENTRY                   ADDRESS         REF BY
           =====                   =======         ======
           ?FLT_Extract            52D4            _Cast32fto32s (_Cast32fto32s)

    -------------------------------------------------------------------------
  LIBRARY MODULE, NAME : _Div32f

  SEGMENTS IN THE MODULE
  ======================
<CODE> 1 (was CODE)
  Relative segment, address: 4ED2 - 5001 (0x130 bytes), align: 1
  Segment part 0.
           ENTRY                   ADDRESS         REF BY
           =====                   =======         ======
           _Div32f                 4ED2            main (main)

    -------------------------------------------------------------------------
  LIBRARY MODULE, NAME : ?DivMod816u

  SEGMENTS IN THE MODULE
  ======================
<CODE> 1 (was CODE)
  Relative segment, address: 55DE - 55F5 (0x18 bytes), align: 1
  Segment part 1.
           ENTRY                   ADDRESS         REF BY
           =====                   =======         ======
           ?DivMod16u              55DE            ?DivMod16s (?DivMod816s)
                                                   itoa (main)

    -------------------------------------------------------------------------
  LIBRARY MODULE, NAME : ?DivMod816s

  SEGMENTS IN THE MODULE
  ======================
<CODE> 1 (was CODE)
  Relative segment, address: 550A - 5539 (0x30 bytes), align: 1
  Segment part 1.
           ENTRY                   ADDRESS         REF BY
           =====                   =======         ======
           ?DivMod16s              550A            itoa (main)
                                                   main (main)

    -------------------------------------------------------------------------
  LIBRARY MODULE, NAME : ?DivMod32u

  SEGMENTS IN THE MODULE
  ======================
<CODE> 1 (was CODE)
  Relative segment, address: 54DA - 5509 (0x30 bytes), align: 1
  Segment part 0.
           ENTRY                   ADDRESS         REF BY
           =====                   =======         ======
           ?DivMod32u              54DA            main (main)

    -------------------------------------------------------------------------
  LIBRARY MODULE, NAME : ?memcpy

  SEGMENTS IN THE MODULE
  ======================
<CODE> 1 (was CODE)
  Relative segment, address: 561E - 562F (0x12 bytes), align: 1
  Segment part 2.
           ENTRY                   ADDRESS         REF BY
           =====                   =======         ======
           memcpy                  561E            __data16_memcpy (?memzero)

    -------------------------------------------------------------------------
  LIBRARY MODULE, NAME : ?memzero

  SEGMENTS IN THE MODULE
  ======================
<CODE> 1 (was CODE)
  Relative segment, address: 5630 - 563F (0x10 bytes), align: 1
  Segment part 2.
           ENTRY                   ADDRESS         REF BY
           =====                   =======         ======
           __data16_memzero        5630            ?cstart_init_zero (?cstart)
    -------------------------------------------------------------------------
<CODE> 1 (was CODE)
  Relative segment, address: 5640 - 5643 (0x4 bytes), align: 1
  Segment part 3.
           ENTRY                   ADDRESS         REF BY
           =====                   =======         ======
           __data16_memcpy         5640            ?cstart_init_copy (?cstart)
               calls direct




                ****************************************
                *                                      *
                *      SEGMENTS IN ADDRESS ORDER       *
                *                                      *
                ****************************************


SEGMENT              SPACE    START ADDRESS   END ADDRESS     SIZE  TYPE  ALIGN
=======              =====    =============   ===========     ====  ====  =====
DATA16_AN                              0102 - 0103               2   rel    0
                                       015C - 015D               2 
                                       0166 - 0169               4 
                                       016C - 016F               4 
                                       0200 - 0207               8 
                                       020A - 020B               2 
                                       0240 - 0245               6 
                                       024A - 024B               2 
                                       0340 - 0345               6 
                                       0352 - 0355               4 
                                       0380 - 0381               2 
                                       0384 - 0385               2 
                                       0394 - 0395               2 
                                       03AE - 03AF               2 
DATA16_I                               2400 - 2403               4   rel    1
DATA16_Z                               2404 - 2556             153   rel    1
DATA20_I                                  2558                       rel    1
DATA20_Z                                  2558                       rel    1
DATA20_N                                  2558                       rel    1
CODE_I                                    2558                       rel    1
CSTACK                                 4360 - 43FF              A0   rel    1
DATA16_C                               4400 - 49FE             5FF   rel    0
DATA16_ID                              4A00 - 4A03               4   rel    1
CSTART                                 4A04 - 4A2B              28   rel    1
ISR_CODE                               4A2C - 4AB7              8C   rel    1
<CODE> 1                               4AB8 - 564D             B96   rel    1
CODE_ID                                   564E                       rel    1
DATA20_ID                                 564E                       rel    1
DATA20_C                                  564E                       rel    1
INTVEC                                 FF80 - FFE1              62   com    1
RESET                                  FFFE - FFFF               2   rel    1

                ****************************************
                *                                      *
                *        END OF CROSS REFERENCE        *
                *                                      *
                ****************************************

 3 246 bytes of CODE  memory
   503 bytes of DATA  memory (+ 48 absolute )
 1 539 bytes of CONST memory

Errors: none
Warnings: none

