################################################################################
#                                                                              #
#      IAR Universal Linker V6.4.6.89                                          #
#                                                                              #
#           Link time     =  20/May/2019  19:23:14                             #
#           Target CPU    =  MSP430                                            #
#           List file     =  "D:\word\1PH\电子设计\实验二\2\Debug\List\Backup  #
#                            (2) of sin50.map"                                 #
#           Output file 1 =  "D:\word\1PH\电子设计\实验二\2\Debug\Exe\Backup ( #
#                            2) of sin50.d43"                                  #
#                            Format: ubrof10                                   #
#                            UBROF version 10.0.6                              #
#                            Using library modules for C-SPY (-rt)             #
#           Command line  =  -f                                                #
#                            C:\Users\Zhenger\AppData\Local\Temp\EW639F.tmp    #
#                            (D:\word\1PH\电子设计\实验二\2\Debug\Obj\ad.r43   #
#                            D:\word\1PH\电子设计\实验二\2\Debug\Obj\clk.r43   #
#                            D:\word\1PH\电子设计\实验二\2\Debug\Obj\i2c.r43   #
#                            D:\word\1PH\电子设计\实验二\2\Debug\Obj\key.r43   #
#                            D:\word\1PH\电子设计\实验二\2\Debug\Obj\main.r43  #
#                            D:\word\1PH\电子设计\实验二\2\Debug\Obj\timer.r43 #
#                            -o                                                #
#                            "D:\word\1PH\电子设计\实验二\2\Debug\Exe\Backup ( #
#                            2) of sin50.d43"                                  #
#                            -l                                                #
#                            "D:\word\1PH\电子设计\实验二\2\Debug\List\Backup  #
#                            (2) of sin50.map"                                 #
#                            -xms                                              #
#                            "-ID:\Program Files (x86)\IAR Systems\Embedded Wo #
#                            rkbench 8.0\430\LIB\"                             #
#                            -f                                                #
#                            "D:\Program Files (x86)\IAR Systems\Embedded Work #
#                            bench 8.0\430\config\linker\lnk430f5529.xcl"      #
#                            (-cmsp430 -D?CPU30_OFFSET=2 -QCODE_I=CODE_ID      #
#                            -QTLS16_I=TLS16_ID -D__iar_HWMUL=4C0              #
#                            -Z(CONST)INFO=1800-19FF                           #
#                            -Z(CONST)INFOA=1980-19FF                          #
#                            -Z(CONST)INFOB=1900-197F                          #
#                            -Z(CONST)INFOC=1880-18FF                          #
#                            -Z(CONST)INFOD=1800-187F                          #
#                            -Z(DATA)USBRAM=1C00-23FF                          #
#                            -Z(DATA)DATA16_I,DATA16_Z,DATA16_N,TLS16_I=2400-4 #
#                            3FF                                               #
#                            -Z(DATA)DATA16_HEAP+_DATA16_HEAP_SIZE             #
#                            -Z(DATA)CODE_I                                    #
#                            -Z(DATA)DATA20_I,DATA20_Z,DATA20_N,DATA20_HEAP+_D #
#                            ATA20_HEAP_SIZE                                   #
#                            -Z(DATA)CSTACK+_STACK_SIZE#                       #
#                            -Z(CONST)DATA16_C,DATA16_ID,TLS16_ID,DIFUNCT,CHEC #
#                            KSUM=4400-FF7F                                    #
#                            -Z(CODE)CSTART,ISR_CODE,CODE16=4400-FF7F          #
#                            -P(CODE)CODE=4400-FF7F,10000-243FF                #
#                            -Z(CONST)DATA20_C,DATA20_ID,CODE_ID=4400-FF7F,100 #
#                            40-243FF                                          #
#                            -Z(CODE)INTVEC=FF80-FFFF                          #
#                            -Z(CODE)RESET=FFFE-FFFF) -f                       #
#                            "D:\Program Files (x86)\IAR Systems\Embedded Work #
#                            bench 8.0\430\config\linker\multiplier32.xcl"     #
#                            (-e?Mul8Hw=?Mul8 -e?Mul16Hw=?Mul16                #
#                            -e?Mul16to32uHw=?Mul16to32u                       #
#                            -e?Mul16to32sHw=?Mul16to32s -e?Mul32Hw32=?Mul32   #
#                            -e?Mul64Hw32=_Mul64i                              #
#                            -e?Mul32u32uto64iHw32=_Mul32u32uto64i             #
#                            -e?Mul32fHw32=_Mul32f                             #
#                            -e_Mul64fHw32Ptr=_Mul64fPtr) -D_STACK_SIZE=A0     #
#                            -rt                                               #
#                            "D:\Program Files (x86)\IAR Systems\Embedded Work #
#                            bench 8.0\430\lib\dlib\dl430xlsfn.r43"            #
#                            -D_DATA16_HEAP_SIZE=A0 -s __program_start         #
#                            -D_DATA20_HEAP_SIZE=50)                           #
#                                                                              #
#                           Copyright (C) 1987-2016 IAR Systems AB.            #
################################################################################





                ****************************************
                *                                      *
                *           CROSS REFERENCE            *
                *                                      *
                ****************************************

       Program entry at :           4A22  Relocatable, from module : ?cstart




                ****************************************
                *                                      *
                *            RUNTIME MODEL             *
                *                                      *
                ****************************************

  __Heap_Handler             = Basic
  __SystemLibrary            = DLib
  __code_model               = large
  __core                     = 430X
  __data_model               = small
  __dlib_file_descriptor     = 0
  __dlib_full_locale_support = 0
  __double_size              = 32
  __pic                      = no
  __reg_r4                   = free
  __reg_r5                   = free
  __rt_version               = 3

                ****************************************
                *                                      *
                *    AUTOMATIC SYMBOL REDIRECTIONS     *
                *                                      *
                ****************************************

                  There are no automatic symbol redirections.



                ****************************************
                *                                      *
                *              MODULE MAP              *
                *                                      *
                ****************************************


  DEFINED ABSOLUTE ENTRIES
    *************************************************************************

  DEFINED ABSOLUTE ENTRIES
  PROGRAM MODULE, NAME : ?ABS_ENTRY_MOD

Absolute parts
           ENTRY                   ADDRESS         REF BY
           =====                   =======         ======
           _DATA20_HEAP_SIZE       0050 
           _DATA16_HEAP_SIZE       00A0 
           _STACK_SIZE             00A0 
           __iar_HWMUL             04C0            ?Mul32fHw32 (?Mul32fHw32)
           ?CPU30_OFFSET           0002 
    *************************************************************************

  FILE NAME : D:\word\1PH\电子设计\实验二\2\Debug\Obj\ad.r43
  PROGRAM MODULE, NAME : ad

  SEGMENTS IN THE MODULE
  ======================
DATA16_AN
  Relative segment, address: 0700 - 0701 (0x2 bytes), align: 0
  Segment part 1. ROOT        Intra module refs:   ADC12ISR
                                                   ADC12_init
                                                   Timer_A0 (timer)
                                                   main (main)
           ENTRY                   ADDRESS         REF BY
           =====                   =======         ======
           _A_ADC12CTL0_L          0700 
           LOCAL                   ADDRESS         
           =====                   =======         
           ADC12CTL0               0700 
           ADC12CTL0_H             0701 
           ADC12CTL0_L             0700 
    -------------------------------------------------------------------------
DATA16_AN
  Relative segment, address: 0702 - 0703 (0x2 bytes), align: 0
  Segment part 2. ROOT        Intra module refs:   ADC12_init
           ENTRY                   ADDRESS         REF BY
           =====                   =======         ======
           _A_ADC12CTL1_L          0702 
           LOCAL                   ADDRESS         
           =====                   =======         
           ADC12CTL1               0702 
           ADC12CTL1_H             0703 
           ADC12CTL1_L             0702 
    -------------------------------------------------------------------------
DATA16_AN
  Relative segment, address: 070C - 070D (0x2 bytes), align: 0
  Segment part 3. ROOT        Intra module refs:   ADC12_init
           ENTRY                   ADDRESS         REF BY
           =====                   =======         ======
           _A_ADC12IE_L            070C 
           LOCAL                   ADDRESS         
           =====                   =======         
           ADC12IE                 070C 
           ADC12IE_H               070D 
           ADC12IE_L               070C 
    -------------------------------------------------------------------------
DATA16_AN
  Relative segment, address: 0720 - 0721 (0x2 bytes), align: 0
  Segment part 4. ROOT        Intra module refs:   ADC12ISR
           ENTRY                   ADDRESS         REF BY
           =====                   =======         ======
           _A_ADC12MEM0_L          0720 
           LOCAL                   ADDRESS         
           =====                   =======         
           ADC12MEM0               0720 
           ADC12MEM0_H             0721 
           ADC12MEM0_L             0720 
    -------------------------------------------------------------------------
DATA16_AN
  Relative segment, address: 0710 - 0710 (0x1 bytes), align: 0
  Segment part 5. ROOT        Intra module refs:   ADC12_init
           ENTRY                   ADDRESS         REF BY
           =====                   =======         ======
           ADC12MCTL0              0710 
    -------------------------------------------------------------------------
DATA16_AN
  Relative segment, address: 024A - 024B (0x2 bytes), align: 0
  Segment part 6. ROOT        Intra module refs:   ADC12_init
                                                   ClkInit (clk)
           ENTRY                   ADDRESS         REF BY
           =====                   =======         ======
           _A_PCSEL_L              024A 
           LOCAL                   ADDRESS         
           =====                   =======         
           PCSEL                   024A 
           PCSEL_H                 024B 
           PCSEL_L                 024A 
    -------------------------------------------------------------------------
DATA16_Z
  Relative segment, address: 2404 - 2595 (0x192 bytes), align: 1
  Segment part 9.             Intra module refs:   ADC12ISR
           ENTRY                   ADDRESS         REF BY
           =====                   =======         ======
           ADValue                 2404            main (main)
    -------------------------------------------------------------------------
DATA16_Z
  Relative segment, address: 2596 - 2597 (0x2 bytes), align: 1
  Segment part 10.            Intra module refs:   ADC12ISR
           ENTRY                   ADDRESS         REF BY
           =====                   =======         ======
           flag                    2596 
    -------------------------------------------------------------------------
<CODE> 1 (was CODE)
  Relative segment, address: 5696 - 56BF (0x2a bytes), align: 1
  Segment part 13.
           ENTRY                   ADDRESS         REF BY
           =====                   =======         ======
           ADC12_init              5696            main (main)
    -------------------------------------------------------------------------
ISR_CODE
  Relative segment, address: 4A4A - 4A73 (0x2a bytes), align: 1
  Segment part 14.            Intra module refs:   ADC12ISR::??INTVEC 108
           ENTRY                   ADDRESS         REF BY
           =====                   =======         ======
           ADC12ISR                4A4A 
               interrupt function
    -------------------------------------------------------------------------
DATA16_Z
  Relative segment, address: 2598 - 2599 (0x2 bytes), align: 1
  Segment part 12.            Intra module refs:   ADC12ISR
           LOCAL                   ADDRESS         
           =====                   =======         
           ADC12ISR::j             2598 
    -------------------------------------------------------------------------
INTVEC
  Common segment, address: FF80 - FFED (0x6e bytes), align: 1
  Segment part 7. ROOT 
           ENTRY                   ADDRESS         REF BY
           =====                   =======         ======
           ADC12ISR::??INTVEC 108
                                   FFEC 

    *************************************************************************

  FILE NAME : D:\word\1PH\电子设计\实验二\2\Debug\Obj\clk.r43
  PROGRAM MODULE, NAME : clk

  SEGMENTS IN THE MODULE
  ======================
DATA16_AN
  Relative segment, address: 0102 - 0103 (0x2 bytes), align: 0
  Segment part 2. ROOT        Intra module refs:   ClkInit
           ENTRY                   ADDRESS         REF BY
           =====                   =======         ======
           _A_SFRIFG1_L            0102 
           LOCAL                   ADDRESS         
           =====                   =======         
           SFRIFG1                 0102 
           SFRIFG1_H               0103 
           SFRIFG1_L               0102 
    -------------------------------------------------------------------------
DATA16_AN
  Relative segment, address: 0166 - 0167 (0x2 bytes), align: 0
  Segment part 3. ROOT        Intra module refs:   ClkInit
           ENTRY                   ADDRESS         REF BY
           =====                   =======         ======
           _A_UCSCTL3_L            0166 
           LOCAL                   ADDRESS         
           =====                   =======         
           UCSCTL3                 0166 
           UCSCTL3_H               0167 
           UCSCTL3_L               0166 
    -------------------------------------------------------------------------
DATA16_AN
  Relative segment, address: 0168 - 0169 (0x2 bytes), align: 0
  Segment part 4. ROOT        Intra module refs:   ClkInit
           ENTRY                   ADDRESS         REF BY
           =====                   =======         ======
           _A_UCSCTL4_L            0168 
           LOCAL                   ADDRESS         
           =====                   =======         
           UCSCTL4                 0168 
           UCSCTL4_H               0169 
           UCSCTL4_L               0168 
    -------------------------------------------------------------------------
DATA16_AN
  Relative segment, address: 016C - 016D (0x2 bytes), align: 0
  Segment part 5. ROOT        Intra module refs:   ClkInit
           ENTRY                   ADDRESS         REF BY
           =====                   =======         ======
           _A_UCSCTL6_L            016C 
           LOCAL                   ADDRESS         
           =====                   =======         
           UCSCTL6                 016C 
           UCSCTL6_H               016D 
           UCSCTL6_L               016C 
    -------------------------------------------------------------------------
DATA16_AN
  Relative segment, address: 016E - 016F (0x2 bytes), align: 0
  Segment part 6. ROOT        Intra module refs:   ClkInit
           ENTRY                   ADDRESS         REF BY
           =====                   =======         ======
           _A_UCSCTL7_L            016E 
           LOCAL                   ADDRESS         
           =====                   =======         
           UCSCTL7                 016E 
           UCSCTL7_H               016F 
           UCSCTL7_L               016E 
    -------------------------------------------------------------------------
<CODE> 1 (was CODE)
  Relative segment, address: 5512 - 5557 (0x46 bytes), align: 1
  Segment part 8.
           ENTRY                   ADDRESS         REF BY
           =====                   =======         ======
           ClkInit                 5512            main (main)

    *************************************************************************

  FILE NAME : D:\word\1PH\电子设计\实验二\2\Debug\Obj\i2c.r43
  PROGRAM MODULE, NAME : i2c

  SEGMENTS IN THE MODULE
  ======================
DATA16_AN
  Relative segment, address: 0240 - 0241 (0x2 bytes), align: 0
  Segment part 1. ROOT        Intra module refs:   I2C_WaitAck
           ENTRY                   ADDRESS         REF BY
           =====                   =======         ======
           _A_PCIN_L               0240 
           LOCAL                   ADDRESS         
           =====                   =======         
           PCIN                    0240 
           PCIN_H                  0241 
           PCIN_L                  0240 
    -------------------------------------------------------------------------
DATA16_AN
  Relative segment, address: 0242 - 0243 (0x2 bytes), align: 0
  Segment part 2. ROOT        Intra module refs:   I2C_SendByte
                                                   I2C_Start
                                                   I2C_Stop
                                                   I2C_WaitAck
           ENTRY                   ADDRESS         REF BY
           =====                   =======         ======
           _A_PCOUT_L              0242 
           LOCAL                   ADDRESS         
           =====                   =======         
           PCOUT                   0242 
           PCOUT_H                 0243 
           PCOUT_L                 0242 
    -------------------------------------------------------------------------
DATA16_AN
  Relative segment, address: 0244 - 0245 (0x2 bytes), align: 0
  Segment part 3. ROOT        Intra module refs:   I2C_WaitAck
                                                   OLED_Init
           ENTRY                   ADDRESS         REF BY
           =====                   =======         ======
           _A_PCDIR_L              0244 
           LOCAL                   ADDRESS         
           =====                   =======         
           PCDIR                   0244 
           PCDIR_H                 0245 
           PCDIR_L                 0244 
    -------------------------------------------------------------------------
DATA16_C
  Relative segment, address: 4400 - 49EF (0x5f0 bytes), align: 0
  Segment part 8.             Intra module refs:   OLED_P8x16Str
           ENTRY                   ADDRESS         REF BY
           =====                   =======         ======
           F8X16                   4400 
    -------------------------------------------------------------------------
<CODE> 1 (was CODE)
  Relative segment, address: 56DC - 56F5 (0x1a bytes), align: 1
  Segment part 10.            Intra module refs:   OLED_WriteCmd
                                                   OLED_WriteData
           LOCAL                   ADDRESS         
           =====                   =======         
           I2C_Start               56DC 
    -------------------------------------------------------------------------
<CODE> 1 (was CODE)
  Relative segment, address: 573C - 574F (0x14 bytes), align: 1
  Segment part 11.            Intra module refs:   OLED_WriteCmd
                                                   OLED_WriteData
           LOCAL                   ADDRESS         
           =====                   =======         
           I2C_Stop                573C 
    -------------------------------------------------------------------------
<CODE> 1 (was CODE)
  Relative segment, address: 55D2 - 5603 (0x32 bytes), align: 1
  Segment part 12.            Intra module refs:   OLED_WriteCmd
                                                   OLED_WriteData
           LOCAL                   ADDRESS         
           =====                   =======         
           I2C_WaitAck             55D2 
    -------------------------------------------------------------------------
<CODE> 1 (was CODE)
  Relative segment, address: 559C - 55D1 (0x36 bytes), align: 1
  Segment part 13.            Intra module refs:   OLED_WriteCmd
                                                   OLED_WriteData
           LOCAL                   ADDRESS         
           =====                   =======         
           I2C_SendByte            559C 
    -------------------------------------------------------------------------
<CODE> 1 (was CODE)
  Relative segment, address: 547C - 54C7 (0x4c bytes), align: 1
  Segment part 14.            Intra module refs:   OLED_Init
                                                   OLED_SetXY
           ENTRY                   ADDRESS         REF BY
           =====                   =======         ======
           OLED_WriteCmd           547C 
               calls direct
    -------------------------------------------------------------------------
<CODE> 1 (was CODE)
  Relative segment, address: 53E2 - 542F (0x4e bytes), align: 1
  Segment part 15.            Intra module refs:   OLED_Clear
                                                   OLED_P8x16Str
           ENTRY                   ADDRESS         REF BY
           =====                   =======         ======
           OLED_WriteData          53E2 
               calls direct
    -------------------------------------------------------------------------
<CODE> 1 (was CODE)
  Relative segment, address: 5666 - 5695 (0x30 bytes), align: 1
  Segment part 16.            Intra module refs:   OLED_Clear
                                                   OLED_Init
                                                   OLED_P8x16Str
           ENTRY                   ADDRESS         REF BY
           =====                   =======         ======
           OLED_SetXY              5666 
               calls direct
    -------------------------------------------------------------------------
<CODE> 1 (was CODE)
  Relative segment, address: 5558 - 559B (0x44 bytes), align: 1
  Segment part 18.            Intra module refs:   OLED_Init
           ENTRY                   ADDRESS         REF BY
           =====                   =======         ======
           OLED_Clear              5558            main (main)
               calls direct
    -------------------------------------------------------------------------
<CODE> 1 (was CODE)
  Relative segment, address: 5270 - 52F1 (0x82 bytes), align: 1
  Segment part 21.
           ENTRY                   ADDRESS         REF BY
           =====                   =======         ======
           OLED_P8x16Str           5270            main (main)
               calls direct
    -------------------------------------------------------------------------
<CODE> 1 (was CODE)
  Relative segment, address: 4AE6 - 4CFD (0x218 bytes), align: 1
  Segment part 24.
           ENTRY                   ADDRESS         REF BY
           =====                   =======         ======
           OLED_Init               4AE6            main (main)
               calls direct

    *************************************************************************

  FILE NAME : D:\word\1PH\电子设计\实验二\2\Debug\Obj\key.r43
  PROGRAM MODULE, NAME : key

  SEGMENTS IN THE MODULE
  ======================
DATA16_AN
  Relative segment, address: 0200 - 0201 (0x2 bytes), align: 0
  Segment part 1. ROOT        Intra module refs:   KeyScan
           ENTRY                   ADDRESS         REF BY
           =====                   =======         ======
           _A_PAIN_L               0200 
           LOCAL                   ADDRESS         
           =====                   =======         
           PAIN                    0200 
           PAIN_H                  0201 
           PAIN_L                  0200 
    -------------------------------------------------------------------------
DATA16_AN
  Relative segment, address: 0202 - 0203 (0x2 bytes), align: 0
  Segment part 2. ROOT        Intra module refs:   KeyInit
                                                   Timer_A0 (timer)
           ENTRY                   ADDRESS         REF BY
           =====                   =======         ======
           _A_PAOUT_L              0202 
           LOCAL                   ADDRESS         
           =====                   =======         
           PAOUT                   0202 
           PAOUT_H                 0203 
           PAOUT_L                 0202 
    -------------------------------------------------------------------------
DATA16_AN
  Relative segment, address: 0204 - 0205 (0x2 bytes), align: 0
  Segment part 3. ROOT        Intra module refs:   KeyInit
                                                   main (main)
           ENTRY                   ADDRESS         REF BY
           =====                   =======         ======
           _A_PADIR_L              0204 
           LOCAL                   ADDRESS         
           =====                   =======         
           PADIR                   0204 
           PADIR_H                 0205 
           PADIR_L                 0204 
    -------------------------------------------------------------------------
DATA16_AN
  Relative segment, address: 0206 - 0207 (0x2 bytes), align: 0
  Segment part 4. ROOT        Intra module refs:   KeyInit
           ENTRY                   ADDRESS         REF BY
           =====                   =======         ======
           _A_PAREN_L              0206 
           LOCAL                   ADDRESS         
           =====                   =======         
           PAREN                   0206 
           PAREN_H                 0207 
           PAREN_L                 0206 
    -------------------------------------------------------------------------
DATA16_Z
  Relative segment, address: 25A8 - 25A8 (0x1 bytes), align: 0
  Segment part 6.             Intra module refs:   KeyScan
           LOCAL                   ADDRESS         
           =====                   =======         
           key_value               25A8 
    -------------------------------------------------------------------------
DATA16_Z
  Relative segment, address: 259A - 259B (0x2 bytes), align: 1
  Segment part 7.             Intra module refs:   KeyScan
           LOCAL                   ADDRESS         
           =====                   =======         
           key_down_flag           259A 
    -------------------------------------------------------------------------
<CODE> 1 (was CODE)
  Relative segment, address: 54C8 - 5511 (0x4a bytes), align: 1
  Segment part 8.
           ENTRY                   ADDRESS         REF BY
           =====                   =======         ======
           KeyScan                 54C8            main (main)
    -------------------------------------------------------------------------
<CODE> 1 (was CODE)
  Relative segment, address: 56F6 - 570F (0x1a bytes), align: 1
  Segment part 9.
           ENTRY                   ADDRESS         REF BY
           =====                   =======         ======
           KeyInit                 56F6            main (main)

    *************************************************************************

  FILE NAME : D:\word\1PH\电子设计\实验二\2\Debug\Obj\main.r43
  PROGRAM MODULE, NAME : main

  SEGMENTS IN THE MODULE
  ======================
DATA16_AN
  Relative segment, address: 0224 - 0225 (0x2 bytes), align: 0
  Segment part 3. ROOT        Intra module refs:   main
           ENTRY                   ADDRESS         REF BY
           =====                   =======         ======
           _A_PBDIR_L              0224 
           LOCAL                   ADDRESS         
           =====                   =======         
           PBDIR                   0224 
           PBDIR_H                 0225 
           PBDIR_L                 0224 
    -------------------------------------------------------------------------
DATA16_AN
  Relative segment, address: 015C - 015D (0x2 bytes), align: 0
  Segment part 4. ROOT        Intra module refs:   main
           ENTRY                   ADDRESS         REF BY
           =====                   =======         ======
           _A_WDTCTL_L             015C 
           LOCAL                   ADDRESS         
           =====                   =======         
           WDTCTL                  015C 
           WDTCTL_H                015D 
           WDTCTL_L                015C 
    -------------------------------------------------------------------------
DATA16_Z
  Relative segment, address: 25A9 - 25A9 (0x1 bytes), align: 0
  Segment part 15.            Intra module refs:   main
           ENTRY                   ADDRESS         REF BY
           =====                   =======         ======
           height                  25A9 
    -------------------------------------------------------------------------
DATA16_Z
  Relative segment, address: 25AA - 260D (0x64 bytes), align: 0
  Segment part 17.            Intra module refs:   main
           ENTRY                   ADDRESS         REF BY
           =====                   =======         ======
           put1                    25AA 
    -------------------------------------------------------------------------
DATA16_Z
  Relative segment, address: 260E - 2671 (0x64 bytes), align: 0
  Segment part 18.            Intra module refs:   main
           ENTRY                   ADDRESS         REF BY
           =====                   =======         ======
           put2                    260E 
    -------------------------------------------------------------------------
DATA16_Z
  Relative segment, address: 2672 - 26D5 (0x64 bytes), align: 0
  Segment part 19.            Intra module refs:   main
           ENTRY                   ADDRESS         REF BY
           =====                   =======         ======
           put3                    2672 
    -------------------------------------------------------------------------
DATA16_I
  Relative segment, address: 2400 - 2401 (0x2 bytes), align: 1
  Segment part 20.            Intra module refs:   main
           ENTRY                   ADDRESS         REF BY
           =====                   =======         ======
           k                       2400 
    -------------------------------------------------------------------------
<CODE> 1 (was CODE)
  Relative segment, address: 5370 - 53E1 (0x72 bytes), align: 1
  Segment part 23.            Intra module refs:   main
           ENTRY                   ADDRESS         REF BY
           =====                   =======         ======
           itoa                    5370 
               calls direct
    -------------------------------------------------------------------------
<CODE> 1 (was CODE)
  Relative segment, address: 4CFE - 4EC9 (0x1cc bytes), align: 1
  Segment part 24.
           ENTRY                   ADDRESS         REF BY
           =====                   =======         ======
           main                    4CFE            Segment part 26 (?cstart)
               calls direct
    -------------------------------------------------------------------------
DATA16_ID
  Relative segment, address: 4A1E - 4A1F (0x2 bytes), align: 1
  Segment part 21.            Intra module refs:   k
    -------------------------------------------------------------------------
DATA16_C
  Relative segment, address: 49F0 - 49F6 (0x7 bytes), align: 0
  Segment part 6.             Intra module refs:   main
    -------------------------------------------------------------------------
DATA16_C
  Relative segment, address: 49F7 - 4A02 (0xc bytes), align: 0
  Segment part 7.             Intra module refs:   main
    -------------------------------------------------------------------------
DATA16_C
  Relative segment, address: 4A03 - 4A0A (0x8 bytes), align: 0
  Segment part 8.             Intra module refs:   main
    -------------------------------------------------------------------------
DATA16_C
  Relative segment, address: 4A0B - 4A0F (0x5 bytes), align: 0
  Segment part 9.             Intra module refs:   main
    -------------------------------------------------------------------------
DATA16_C
  Relative segment, address: 4A10 - 4A11 (0x2 bytes), align: 0
  Segment part 10.            Intra module refs:   main
    -------------------------------------------------------------------------
DATA16_C
  Relative segment, address: 4A12 - 4A13 (0x2 bytes), align: 0
  Segment part 11.            Intra module refs:   main
    -------------------------------------------------------------------------
DATA16_C
  Relative segment, address: 4A14 - 4A18 (0x5 bytes), align: 0
  Segment part 12.            Intra module refs:   main
    -------------------------------------------------------------------------
DATA16_C
  Relative segment, address: 4A19 - 4A1A (0x2 bytes), align: 0
  Segment part 13.            Intra module refs:   main
    -------------------------------------------------------------------------
DATA16_C
  Relative segment, address: 4A1B - 4A1D (0x3 bytes), align: 0
  Segment part 14.            Intra module refs:   main

    *************************************************************************

  FILE NAME : D:\word\1PH\电子设计\实验二\2\Debug\Obj\timer.r43
  PROGRAM MODULE, NAME : timer

  SEGMENTS IN THE MODULE
  ======================
DATA16_AN
  Relative segment, address: 0340 - 0341 (0x2 bytes), align: 0
  Segment part 3. ROOT        Intra module refs:   TimerAInit
           ENTRY                   ADDRESS         REF BY
           =====                   =======         ======
           TA0CTL                  0340 
    -------------------------------------------------------------------------
DATA16_AN
  Relative segment, address: 0342 - 0343 (0x2 bytes), align: 0
  Segment part 4. ROOT        Intra module refs:   TimerAInit
           ENTRY                   ADDRESS         REF BY
           =====                   =======         ======
           TA0CCTL0                0342 
    -------------------------------------------------------------------------
DATA16_AN
  Relative segment, address: 0352 - 0353 (0x2 bytes), align: 0
  Segment part 5. ROOT        Intra module refs:   TimerAInit
           ENTRY                   ADDRESS         REF BY
           =====                   =======         ======
           TA0CCR0                 0352 
    -------------------------------------------------------------------------
DATA16_Z
  Relative segment, address: 259C - 259F (0x4 bytes), align: 1
  Segment part 8.             Intra module refs:   Timer_A0
           ENTRY                   ADDRESS         REF BY
           =====                   =======         ======
           time                    259C 
    -------------------------------------------------------------------------
DATA16_Z
  Relative segment, address: 26D6 - 26D6 (0x1 bytes), align: 0
  Segment part 9.             Intra module refs:   Timer_A0
           ENTRY                   ADDRESS         REF BY
           =====                   =======         ======
           refresh                 26D6            main (main)
    -------------------------------------------------------------------------
DATA16_Z
  Relative segment, address: 25A0 - 25A1 (0x2 bytes), align: 1
  Segment part 10.            Intra module refs:   Timer_A0
           ENTRY                   ADDRESS         REF BY
           =====                   =======         ======
           fre                     25A0            main (main)
    -------------------------------------------------------------------------
DATA16_I
  Relative segment, address: 2402 - 2403 (0x2 bytes), align: 1
  Segment part 11.            Intra module refs:   Timer_A0
           ENTRY                   ADDRESS         REF BY
           =====                   =======         ======
           m                       2402            main (main)
    -------------------------------------------------------------------------
DATA16_Z
  Relative segment, address: 25A2 - 25A5 (0x4 bytes), align: 1
  Segment part 13.            Intra module refs:   Timer_A0
           ENTRY                   ADDRESS         REF BY
           =====                   =======         ======
           tempfre                 25A2 
    -------------------------------------------------------------------------
<CODE> 1 (was CODE)
  Relative segment, address: 5710 - 5727 (0x18 bytes), align: 1
  Segment part 15.
           ENTRY                   ADDRESS         REF BY
           =====                   =======         ======
           TimerAInit              5710            main (main)
    -------------------------------------------------------------------------
ISR_CODE
  Relative segment, address: 4A74 - 4AE5 (0x72 bytes), align: 1
  Segment part 18.            Intra module refs:   Timer_A0::??INTVEC 106
           ENTRY                   ADDRESS         REF BY
           =====                   =======         ======
           Timer_A0                4A74 
               interrupt function
               calls direct
    -------------------------------------------------------------------------
DATA16_Z
  Relative segment, address: 25A6 - 25A7 (0x2 bytes), align: 1
  Segment part 14.            Intra module refs:   Timer_A0
           LOCAL                   ADDRESS         
           =====                   =======         
           Timer_A0::count         25A6 
    -------------------------------------------------------------------------
INTVEC
  Common segment, address: FF80 - FFEB (0x6c bytes), align: 1
  Segment part 6. ROOT 
           ENTRY                   ADDRESS         REF BY
           =====                   =======         ======
           Timer_A0::??INTVEC 106
                                   FFEA 
    -------------------------------------------------------------------------
DATA16_ID
  Relative segment, address: 4A20 - 4A21 (0x2 bytes), align: 1
  Segment part 12.            Intra module refs:   m

    *************************************************************************

  FILE NAME : D:\Program Files (x86)\IAR Systems\Embedded Workbench 8.0\430\lib\dlib\dl430xlsfn.r43
  LIBRARY MODULE, NAME : ?__dbg_break

  SEGMENTS IN THE MODULE
  ======================
<CODE> 1 (was CODE)
  Relative segment, address: 577E - 577F (0x2 bytes), align: 1
  Segment part 2.
           ENTRY                   ADDRESS         REF BY
           =====                   =======         ======
           __DebugBreak            577E            __exit (?__exit)

    -------------------------------------------------------------------------
  LIBRARY MODULE, NAME : ?__exit

  SEGMENTS IN THE MODULE
  ======================
<CODE> 1 (was CODE)
  Relative segment, address: 5728 - 573B (0x14 bytes), align: 1
  Segment part 2.
           ENTRY                   ADDRESS         REF BY
           =====                   =======         ======
           __exit                  5728            Segment part 6 (?_exit)
                                                   _exit (?_exit)
               calls direct

    -------------------------------------------------------------------------
  LIBRARY MODULE, NAME : ?_exit

  SEGMENTS IN THE MODULE
  ======================
<CODE> 1 (was CODE)
  Relative segment, address: 5776, align: 1
  Segment part 0.
           ENTRY                   ADDRESS         REF BY
           =====                   =======         ======
           _exit                   5776            exit (?exit)
    -------------------------------------------------------------------------
<CODE> 1 (was CODE)
  Relative segment, address: 5776 - 5779 (0x4 bytes), align: 1
  Segment part 6.             Intra module refs:   _exit

    -------------------------------------------------------------------------
  LIBRARY MODULE, NAME : ?cstart

  SEGMENTS IN THE MODULE
  ======================
CSTACK
  Relative segment, address: 4360, align: 1
  Segment part 1.
    -------------------------------------------------------------------------
DATA16_Z
  Relative segment, address: 25A8, align: 1
  Segment part 2.
    -------------------------------------------------------------------------
DATA16_I
  Relative segment, address: 2404, align: 1
  Segment part 3.
    -------------------------------------------------------------------------
DATA16_ID
  Relative segment, address: 4A22, align: 1
  Segment part 4.
    -------------------------------------------------------------------------
CODE_I
  Relative segment, address: 26D8, align: 1
  Segment part 5.
    -------------------------------------------------------------------------
CODE_ID
  Relative segment, address: 5780, align: 1
  Segment part 6.
    -------------------------------------------------------------------------
DATA20_Z
  Relative segment, address: 26D8, align: 1
  Segment part 7.
    -------------------------------------------------------------------------
DATA20_I
  Relative segment, address: 26D8, align: 1
  Segment part 8.
    -------------------------------------------------------------------------
DATA20_ID
  Relative segment, address: 5780, align: 1
  Segment part 9.
    -------------------------------------------------------------------------
DATA20_C
  Relative segment, address: 5780, align: 1
  Segment part 10.
    -------------------------------------------------------------------------
DATA20_N
  Relative segment, address: 26D8, align: 1
  Segment part 12.
    -------------------------------------------------------------------------
CSTART
  Relative segment, address: 4A22 - 4A25 (0x4 bytes), align: 1
  Segment part 15.
           ENTRY                   ADDRESS         REF BY
           =====                   =======         ======
           __program_start         4A22            ?reset_vector (?reset_vector)
                                                   Absolute parts (?ABS_ENTRY_MOD)
           ?cstart_begin           4A22 
    -------------------------------------------------------------------------
CSTART
  Relative segment, address: 4A26 - 4A31 (0xc bytes), align: 1
  Segment part 19.
           ENTRY                   ADDRESS         REF BY
           =====                   =======         ======
           ?cstart_init_zero       4A26            ADC12ISR::j (ad)
                                                   ADValue (ad)
                                                   Timer_A0::count (timer)
                                                   flag (ad)
                                                   fre (timer)
                                                   height (main)
                                                   key_down_flag (key)
                                                   key_value (key)
                                                   put1 (main)
                                                   put2 (main)
                                                   put3 (main)
                                                   refresh (timer)
                                                   tempfre (timer)
                                                   time (timer)
    -------------------------------------------------------------------------
CSTART
  Relative segment, address: 4A32 - 4A41 (0x10 bytes), align: 1
  Segment part 20.
           ENTRY                   ADDRESS         REF BY
           =====                   =======         ======
           ?cstart_init_copy       4A32            k (main)
                                                   m (timer)
    -------------------------------------------------------------------------
CSTART
  Relative segment, address: 4A42 - 4A49 (0x8 bytes), align: 1
  Segment part 26.            Intra module refs:   Segment part 15
           ENTRY                   ADDRESS         REF BY
           =====                   =======         ======
           ?cstart_call_main       4A42 
           ?cstart_end             4A4A 
    -------------------------------------------------------------------------
CODE_ID
  Relative segment, address: 5780, align: 1
  Segment part 27.            Intra module refs:   Segment part 5

    -------------------------------------------------------------------------
  LIBRARY MODULE, NAME : ?reset_vector

  SEGMENTS IN THE MODULE
  ======================
RESET
  Relative segment, address: FFFE - FFFF (0x2 bytes), align: 1
  Segment part 0.
           ENTRY                   ADDRESS         REF BY
           =====                   =======         ======
           ?reset_vector           FFFE            Segment part 15 (?cstart)

    -------------------------------------------------------------------------
  LIBRARY MODULE, NAME : ?exit

  SEGMENTS IN THE MODULE
  ======================
<CODE> 1 (was CODE)
  Relative segment, address: 577A - 577D (0x4 bytes), align: 1
  Segment part 2.
           ENTRY                   ADDRESS         REF BY
           =====                   =======         ======
           exit                    577A            Segment part 26 (?cstart)
               calls direct

    -------------------------------------------------------------------------
  LIBRARY MODULE, NAME : ?Mul32fHw32

  SEGMENTS IN THE MODULE
  ======================
<CODE> 1 (was CODE)
  Relative segment, address: 515A - 526F (0x116 bytes), align: 1
  Segment part 0.
           ENTRY                   ADDRESS         REF BY
           =====                   =======         ======
           ?Mul32fHw32             515A            main (main)

    -------------------------------------------------------------------------
  LIBRARY MODULE, NAME : ?Cast32f32i

  SEGMENTS IN THE MODULE
  ======================
<CODE> 1 (was CODE)
  Relative segment, address: 52F2 - 536F (0x7e bytes), align: 1
  Segment part 1.
           ENTRY                   ADDRESS         REF BY
           =====                   =======         ======
           _Cast32uto32f           52F2            main (main)

    -------------------------------------------------------------------------
  LIBRARY MODULE, NAME : _Cast32fto32s

  SEGMENTS IN THE MODULE
  ======================
<CODE> 1 (was CODE)
  Relative segment, address: 5604 - 5635 (0x32 bytes), align: 1
  Segment part 0.
           ENTRY                   ADDRESS         REF BY
           =====                   =======         ======
           _Cast32fto32s           5604            Timer_A0 (timer)
                                                   main (main)

    -------------------------------------------------------------------------
  LIBRARY MODULE, NAME : ?FLT_Extract

  SEGMENTS IN THE MODULE
  ======================
<CODE> 1 (was CODE)
  Relative segment, address: 5430 - 547B (0x4c bytes), align: 1
  Segment part 0.
           ENTRY                   ADDRESS         REF BY
           =====                   =======         ======
           ?FLT_Extract            5430            _Cast32fto32s (_Cast32fto32s)

    -------------------------------------------------------------------------
  LIBRARY MODULE, NAME : _Div32f

  SEGMENTS IN THE MODULE
  ======================
<CODE> 1 (was CODE)
  Relative segment, address: 502A - 5159 (0x130 bytes), align: 1
  Segment part 0.
           ENTRY                   ADDRESS         REF BY
           =====                   =======         ======
           _Div32f                 502A            main (main)

    -------------------------------------------------------------------------
  LIBRARY MODULE, NAME : _Add32f

  SEGMENTS IN THE MODULE
  ======================
<CODE> 1 (was CODE)
  Relative segment, address: 4ECA - 5029 (0x160 bytes), align: 1
  Segment part 1.
           ENTRY                   ADDRESS         REF BY
           =====                   =======         ======
           _Add32f                 4ECA            Timer_A0 (timer)

    -------------------------------------------------------------------------
  LIBRARY MODULE, NAME : ?DivMod816u

  SEGMENTS IN THE MODULE
  ======================
<CODE> 1 (was CODE)
  Relative segment, address: 56C0 - 56C3 (0x4 bytes), align: 1
  Segment part 0.
           ENTRY                   ADDRESS         REF BY
           =====                   =======         ======
           ?DivMod8u               56C0            main (main)
    -------------------------------------------------------------------------
<CODE> 1 (was CODE)
  Relative segment, address: 56C4 - 56DB (0x18 bytes), align: 1
  Segment part 1.             Intra module refs:   ?DivMod8u
           ENTRY                   ADDRESS         REF BY
           =====                   =======         ======
           ?DivMod16u              56C4            ?DivMod16s (?DivMod816s)
                                                   Timer_A0 (timer)
                                                   itoa (main)

    -------------------------------------------------------------------------
  LIBRARY MODULE, NAME : ?DivMod816s

  SEGMENTS IN THE MODULE
  ======================
<CODE> 1 (was CODE)
  Relative segment, address: 5636 - 5665 (0x30 bytes), align: 1
  Segment part 1.
           ENTRY                   ADDRESS         REF BY
           =====                   =======         ======
           ?DivMod16s              5636            itoa (main)
                                                   main (main)

    -------------------------------------------------------------------------
  LIBRARY MODULE, NAME : ?memcpy

  SEGMENTS IN THE MODULE
  ======================
<CODE> 1 (was CODE)
  Relative segment, address: 5750 - 5761 (0x12 bytes), align: 1
  Segment part 2.
           ENTRY                   ADDRESS         REF BY
           =====                   =======         ======
           memcpy                  5750            __data16_memcpy (?memzero)

    -------------------------------------------------------------------------
  LIBRARY MODULE, NAME : ?memzero

  SEGMENTS IN THE MODULE
  ======================
<CODE> 1 (was CODE)
  Relative segment, address: 5762 - 5771 (0x10 bytes), align: 1
  Segment part 2.
           ENTRY                   ADDRESS         REF BY
           =====                   =======         ======
           __data16_memzero        5762            ?cstart_init_zero (?cstart)
    -------------------------------------------------------------------------
<CODE> 1 (was CODE)
  Relative segment, address: 5772 - 5775 (0x4 bytes), align: 1
  Segment part 3.
           ENTRY                   ADDRESS         REF BY
           =====                   =======         ======
           __data16_memcpy         5772            ?cstart_init_copy (?cstart)
               calls direct




                ****************************************
                *                                      *
                *      SEGMENTS IN ADDRESS ORDER       *
                *                                      *
                ****************************************


SEGMENT              SPACE    START ADDRESS   END ADDRESS     SIZE  TYPE  ALIGN
=======              =====    =============   ===========     ====  ====  =====
DATA16_AN                              0102 - 0103               2   rel    0
                                       015C - 015D               2 
                                       0166 - 0169               4 
                                       016C - 016F               4 
                                       0200 - 0207               8 
                                       0224 - 0225               2 
                                       0240 - 0245               6 
                                       024A - 024B               2 
                                       0340 - 0343               4 
                                       0352 - 0353               2 
                                       0700 - 0703               4 
                                       070C - 070D               2 
                                       0710 - 0710               1 
                                       0720 - 0721               2 
DATA16_I                               2400 - 2403               4   rel    1
DATA16_Z                               2404 - 26D6             2D3   rel    1
DATA20_I                                  26D8                       rel    1
DATA20_Z                                  26D8                       rel    1
DATA20_N                                  26D8                       rel    1
CODE_I                                    26D8                       rel    1
CSTACK                                 4360 - 43FF              A0   rel    1
DATA16_C                               4400 - 4A1D             61E   rel    0
DATA16_ID                              4A1E - 4A21               4   rel    1
CSTART                                 4A22 - 4A49              28   rel    1
ISR_CODE                               4A4A - 4AE5              9C   rel    1
<CODE> 1                               4AE6 - 577F             C9A   rel    1
CODE_ID                                   5780                       rel    1
DATA20_ID                                 5780                       rel    1
DATA20_C                                  5780                       rel    1
INTVEC                                 FF80 - FFED              6E   com    1
RESET                                  FFFE - FFFF               2   rel    1

                ****************************************
                *                                      *
                *        END OF CROSS REFERENCE        *
                *                                      *
                ****************************************

 3 534 bytes of CODE  memory
   887 bytes of DATA  memory (+ 45 absolute )
 1 570 bytes of CONST memory

Errors: none
Warnings: none

